10
7 4 16 1 2 0 74
3 4 16 1 2 0 10 5
9 4 16 1 2 0 82
1 16 1 2 0 65
5 8 13 3 10
8 8 30 10 5 6
2 8 30
0 13 10 7 99 19 5
6 21 54 27
4 7 32 17 81
